[    0.000000] Linux version 4.15.0-23-generic (buildd@lgw01-amd64-055) (gcc version 7.3.0 (Ubuntu 7.3.0-16ubuntu3)) #25-Ubuntu SMP Wed May 23 18:02:16 UTC 2018 (Ubuntu 4.15.0-23.25-generic 4.15.18)
[    0.000000] Command line: BOOT_IMAGE=/boot/vmlinuz-4.15.0-23-generic root=UUID=db8640bf-27ce-4006-b8bb-4c8f034f5141 ro console=tty1 console=ttyS0
[    0.000000] KERNEL supported cpus:
[    0.000000]   Intel GenuineIntel
[    0.000000]   AMD AuthenticAMD
[    0.000000]   Centaur CentaurHauls
[    0.000000] x86/fpu: Supporting XSAVE feature 0x001: 'x87 floating point registers'
[    0.000000] x86/fpu: Supporting XSAVE feature 0x002: 'SSE registers'
[    0.000000] x86/fpu: Supporting XSAVE feature 0x004: 'AVX registers'
[    0.000000] x86/fpu: xstate_offset[2]:  576, xstate_sizes[2]:  256
[    0.000000] x86/fpu: Enabled xstate features 0x7, context size is 832 bytes, using 'standard' format.
[    0.000000] e820: BIOS-provided physical RAM map:
[    0.000000] BIOS-e820: [mem 0x0000000000000000-0x000000000009fbff] usable
[    0.000000] BIOS-e820: [mem 0x000000000009fc00-0x000000000009ffff] reserved
[    0.000000] BIOS-e820: [mem 0x00000000000f0000-0x00000000000fffff] reserved
[    0.000000] BIOS-e820: [mem 0x0000000000100000-0x000000007ffeffff] usable
[    0.000000] BIOS-e820: [mem 0x000000007fff0000-0x000000007fffffff] ACPI data
[    0.000000] BIOS-e820: [mem 0x00000000fec00000-0x00000000fec00fff] reserved
[    0.000000] BIOS-e820: [mem 0x00000000fee00000-0x00000000fee00fff] reserved
[    0.000000] BIOS-e820: [mem 0x00000000fffc0000-0x00000000ffffffff] reserved
[    0.000000] NX (Execute Disable) protection: active
[    0.000000] random: fast init done
[    0.000000] SMBIOS 2.5 present.
[    0.000000] DMI: innotek GmbH VirtualBox/VirtualBox, BIOS VirtualBox 12/01/2006
[    0.000000] Hypervisor detected: KVM
[    0.000000] e820: last_pfn = 0x7fff0 max_arch_pfn = 0x400000000
[    0.000000] MTRR: Disabled
[    0.000000] x86/PAT: MTRRs disabled, skipping PAT initialization too.
[    0.000000] CPU MTRRs all blank - virtualized system.
[    0.000000] x86/PAT: Configuration [0-7]: WB  WT  UC- UC  WB  WT  UC- UC  
[    0.000000] found SMP MP-table at [mem 0x0009fff0-0x0009ffff] mapped at [        (ptrval)]
[    0.000000] Scanning 1 areas for low memory corruption
[    0.000000] RAMDISK: [mem 0x359e1000-0x36ce7fff]
[    0.000000] ACPI: Early table checksum verification disabled
[    0.000000] ACPI: RSDP 0x000000000E0000 000024 (v02 VBOX  )
[    0.000000] ACPI: XSDT 0x000000007FFF0030 00003C (v01 VBOX   VBOXXSDT 00000001 ASL  00000061)
[    0.000000] ACPI: FACP 0x000000007FFF00F0 0000F4 (v04 VBOX   VBOXFACP 00000001 ASL  00000061)
[    0.000000] ACPI: DSDT 0x000000007FFF0470 0021FF (v02 VBOX   VBOXBIOS 00000002 INTL 20180105)
[    0.000000] ACPI: FACS 0x000000007FFF0200 000040
[    0.000000] ACPI: FACS 0x000000007FFF0200 000040
[    0.000000] ACPI: APIC 0x000000007FFF0240 00005C (v02 VBOX   VBOXAPIC 00000001 ASL  00000061)
[    0.000000] ACPI: SSDT 0x000000007FFF02A0 0001CC (v01 VBOX   VBOXCPUT 00000002 INTL 20180105)
[    0.000000] No NUMA configuration found
[    0.000000] Faking a node at [mem 0x0000000000000000-0x000000007ffeffff]
[    0.000000] NODE_DATA(0) allocated [mem 0x7ffc5000-0x7ffeffff]
[    0.000000] kvm-clock: cpu 0, msr 0:7ff44001, primary cpu clock
[    0.000000] kvm-clock: Using msrs 4b564d01 and 4b564d00
[    0.000000] kvm-clock: using sched offset of 3699718635 ycles
[    0.000000] clocksource: kvm-clock: mask: 0xffffffffffffffff max_cycles: 0x1cd42e4dffb, max_idle_ns: 881590591483 ns
[    0.000000] Zone ranges:
[    0.000000]   DMA      [mem 0x0000000000001000-0x0000000000ffffff]
[    0.000000]   DMA32    [mem 0x0000000001000000-0x000000007ffeffff]
[    0.000000]   Normal   empty
[    0.000000]   Device   empty
[    0.000000] Movable zone start for each node
[    0.000000] Early memory node ranges
[    0.000000]   node   0: [mem 0x0000000000001000-0x000000000009efff]
[    0.000000]   node   0: [mem 0x0000000000100000-0x000000007ffeffff]
[    .000000] Initmem setup node 0 [mem 0x0000000000001000-0x000000007ffeffff]
[    0.000000] Reserved but unavailable: 98 pages
[    0.000000] ACPI: PM-Timer IO Port: 0x4008
[    0.000000] IOAPIC[0]: apic_id 2, version 32, address 0xfec00000, GSI 0-23
[    0.000000] ACPI: INT_SRC_OVR (bus 0 bus_irq 0 global_irq 2 dfl dfl)
[    0.000000] ACPI: INT_SRC_OVR (bus 0 bus_irq 9 global_irq 9 low level)
[    0.000000] Using ACPI (MADT) for SMP configuration information
[    0.000000] smpboot: Allowing 2 CPUs, 0 hotplug CPUs
[    0.000000] PM: Registered nosave memory: [mem 0x00000000-0x00000fff]
[    0.000000] PM: Registered nosave memory: [mem 0x0009f000-0x0009ffff]
[    0.000000] PM: Registered nosave memory: [mem 0x000a0000-0x000effff]
[    0.000000] PM: Registered nosave memory: [mem 0x000f0000-0x000fffff]
[    0.000000] e820: [mem 0x80000000-0xfebfffff] available for PCI devices
[    0.000000] Booting paravirtualized kernel on KVM
[    0.000000] clockurce: refined-jiffies: mask: 0xffffffff max_cycles: 0xffffff, max_ile_ns:76519600211568 ns
[    0.000000] setup_percpu: NR_CPUS:8192 nr_cpumask_bits:2 nr_cpu_ids:2 nr_node_ids:1
[    0.00000] percpu: Embedded 46 pages/cpu @        (ptrval) s151552 r8192 d28672 u1048576
[    0.000000] PV qspinlock hash table entries: 256 (order: 0, 4096 bytes)
[    0.000000] Built 1 zonelists, mobility grouping on.  Total pages: 515961
[    0.000000] Policy zone: DMA32
[    0.000000] Kernel command line: BOOT_IMAGE=/boot/vmlinuz-4.15.0-23-generic root=UUID=db8640bf-27ce-4006-b8bb-4c8f034f5141 ro console=tty1 console=ttyS0
[    0.000000] Memory: 2015292K/2096696K available (12300K kernel code, 2470K rwdata, 4240K rodata, 2408K init, 2416K bss, 81404K reserved, 0K cma-reserved)
[    0.000000] SLUB: HWalign=64, Order=0-3, MinObjects=0, CPUs=2, Nodes=1
[    0.000000] Kernel/User page tables isolation: enabled
[    0.000000] ftrace: allocating 39083 entries in 153 pages
[    0.004000] Hierarchical RCU implementation.
[    0.004000] 	RCU restricting CPUs from NR_CPUS=8192 to nr_cpu_ids=2.
[    0.004000] 	Tasks RCU enabled.
[    0.004000] RCU: Adjusting geometry for rcu_fanout_leaf=16, nr_cpu_ids=2
[    0.004000] NR_IRQS: 524544, nr_irqs: 440, preallocated irqs: 16
[    0.004000] Console: colour VGA+ 80x25
[    0.004000] console [tty1] enabled
[    0.004000] console [ttyS0] enabled
[    0.004000] ACPI: Core revision 20170831
[    0.004000] ACPI: 2 ACPI AML tables successfully acquired and loaded
[    0.004000] APIC: Switch to symmetric I/O mode setup
[    0.004000] x2apic enabled
[    0.004000] Switched APIC routing to physical x2apic.
[    0.004000] ..TIMER: vector=0x30 apic1=0 pin1=2 apic2=-1 pin2=-1
[    0.004000] tsc: Detected 3292.518 MHz processor
[    0.004010] Calibrating delay loop (skipped) preset value.. 6585.03 BogoMIPS (lpj=13170072)
[    0.008004] pid_max: default: 32768 minimum: 301
[    0.012030] Security Framework initialized
[    0.016003] Yama: becoming mindful.
[    0.020023] AppArmor: AppArmor initialized
[    0.024592] Dentry cache hash table entries: 262144 (order: 9, 2097152 bytes)
[    0.028550] Inode-cache hash table entries: 131072 (order: 8, 1048576 bytes)
[    0.032033] Mount-cache hash table entries: 4096 (order: 3, 32768 bytes)
[    0.036019] Mountpoint-cache hash table entries: 4096 (order: 3, 32768 bytes)
[    0.040219] CPU: Physical Processor ID: 0
[    0.040785] CPU: Processor Core ID: 0
[    0.048003] mce: CPU supports 0 MCE banks
[    0.052026] Last level iTLB entries: 4KB 512, 2MB 8, 4MB 8
[    0.056008] Last level dTLB entries: 4KB 512, 2MB 32, 4MB 32, 1GB 0
[    0.060009] Spectre V2 : Mitigation: Full generic retpoline
[    0.064007] Speculative Store Bypass: Vulnerable
[    0.068117] Freeing SMP alternatives memory: 36K
[    0.072000] smpboot: CPU0: Intel(R) Core(TM) i5-2500 CPU @ 3.30GHz (family: 0x6, model: 0x2a, stepping: 0x7)
[    0.072090] Performance Events: unsupported p6 CPU model 42 no PMU driver, software events only.
[    0.076079] Hierarchical SRCU implementation.
[    0.080547] NMI watchdog: Perf event create on CPU 0 failed with -2
[    0.084008] NMI watchdog: Perf NMI watchdog permanently disabled
[    0.088080] smp: Bringing up secondary CPUs ...
[    0.092124] x86: Booting SMP configuration:
[    0.092714] .... node  #0, CPUs:      #1
[    0.004000] kvm-clock: cpu 1, msr 0:7ff44041, secondary cpu clock
[    0.004000] mce: CPU supports 0 MCE banks
[    0.398755] smp: Brought up 1 node, 2 CPUs
[    0.400012] smpboot: Max logical packages: 1
[    0.404010] smpboot: Total of 2 processors activated (13170.07 BogoMIPS)
[    0.408213] devtmpfs: initialized
[    0.412056] x86/mm: Memory block size: 128MB
[    0.416193] evm: security.selinux
[    0.416658] evm: security.SMACK64
[    0.417115] evm: security.SMACK64EXEC
[    0.417598] evm: security.SMACK64TRANSMUTE
[    0.420003] evm: security.SMACK64MMAP
[    0.420489] evm: security.apparmor
[    0.420950] evm: security.ima
[    0.421362] evm: security.capability
[    0.421876] clocksource: jiffies: mask: 0xffffffff max_cycles: 0xffffffff, max_idle_ns: 7645041785100000 ns
[    0.421876] futex hash table entries: 512 (order: 3, 32768 bytes)
[    0.424056] pinctrl core: initialized pinctrl subsystem
[    0.424841] RTC time: 18:45:39, date: 07/10/18
[    0.425616] NET: Registered protocol family 16
[    0.426254] audit: initializing netlink subsys (disabled)
[    0.426998] audit: type=2000 audit(1531248335.343:1): state=initialized audit_enabled=0 res=1
[    0.444009] cpuidle: using governor ladder
[    0.444614] cpuidle: using governor menu
[    0.445163] ACPI: bus type PCI registered
[    0.448003] acpiphp: ACPI Hot Plug PCI Controller Driver version: 0.5
[    0.448889] PCI: Using configuration type 1 for base access
[    0.452647] HugeTLB registered 2.00 MiB page size, pre-allocated 0 pages
[    0.748093] ACPI: Added _OSI(Module Device)
[    0.936007] ACPI: Added _OSI(Processor Device)
[    1.144005] ACPI: Added _OSI(3.0 _SCP Extensions)
[    1.228003] ACPI: Added _OSI(Processor Aggregator Device)
[    1.228897] ACPI: Executed 1 blocks of module-level executable AML code
[    1.231181] ACPI: Interpreter enabled
[    1.236013] ACPI: (supports S0 S5)
[    1.236471] ACPI: Using IOAPIC for interrupt routing
[    1.237295] PCI: Using host bridge windows from ACPI; if necessary, use "pci=nocrs" and report a bug
[    1.237295] ACPI: Enabled 2 GPEs in block 00 to 07
[    1.249733] ACPI: PCI Root Bridge [PCI0] (domain 0000 [bus 00-ff])
[    1.268009] acpi PNP0A03:00: _OSC: OS supports [ASPM ClockPM Segments MSI]
[    1.324058] acpi PNP0A03:00: _OSC: not requesting OS control; OS requires [ExtendedConfig ASPM ClockPM MSI]
[    1.552030] acpi PNP0A03:00: fail to add MMCONFIG information, can't access extended PCI configuration space under this bridge.
[    2.064037] PCI host bridge to bus 0000:00
[    2.256010] pci_bus 0000:00: root bus resource [io  0x0000-0x0cf7 window]
[    2.260014] pci_bus 0000:00: root bus resource [io  0x0d00-0xffff window]
[    2.264004] pci_bus 0000:00: root bus resource [mem 0x000a0000-0x000bffff window]
[    2.265034] pci_bus 0000:00: root bus resource [mem 0x80000000-0xfdffffff window]
[    2.265990] pci_bus 0000:00: root bus resource [bus 00-ff]
[    2.268433] pci 0000:00:01.1: legacy IDE quirk: reg 0x10: [io  0x01f0-0x01f7]
[    2.269313] pci 0000:00:01.1: legacy IDE quirk: reg 0x14: [io  0x03f6]
[    2.270095] pci 0000:00:01.1: legacy IDE quirk: reg 0x18: [io  0x0170-0x0177]
[    2.270959] pci 0000:00:01.1: legacy IDE quirk: reg 0x1c: [io  0x0376]
[    2.304502] pci 0000:00:07.0: quirk: [io  0x4000-0x403f] claimed by PIIX4 ACPI
[    2.308012] pci 0000:00:07.0: quirk: [io  0x4100-0x410f] claimed by PIIX4 SMB
[    2.325349] ACPI: PCI Interrupt Link [LNKA] (IRQs 5 9 10 *11)
[    2.328350] ACPI: PCI Interrupt Link [LNKB] (IRQs 5 9 *10 11)
[    2.332142] ACPI: PCI Interrupt Link [LNKC] (IRQs 5 *9 10 11)
[    2.336105] ACPI: PCI Interrupt Link [LNKD] (IRQs 5 9 10 *11)
[    2.340417] SCSI subsystem initialized
[    2.344098] pci 0000:00:02.0: vgaarb: setting as boot VGA device
[    2.344781] pci 0000:00:02.0: vgaarb: VGA device added: decodes=io+mem,owns=io+mem,locks=none
[    2.348009] pci 0000:00:02.0: vgaarb: bridge control possible
[    2.352007] vgaarb: loaded
[    2.356057] ACPI: bus type USB registered
[    2.356625] usbcore: registered new interface driver usbfs
[    2.357302] usbcore: registered new interface driver hub
[    2.357971] usbcore: registered new device driver usb
[    2.358687] EDAC MC: Ver: 3.0.0
[    2.360098] PCI: Using ACPI for IRQ routing
[    2.360856] NetLabel: Initializing
[    2.364003] NetLabel:  domain hash size = 128
[    2.368002] NetLabel:  protocols = UNLABELED CIPSOv4 CALIPSO
[    2.372017] NetLabel:  unlabeled traffic allowed by default
[    2.376124] clocksource: Switched to clocksource kvm-clock
[    2.549423] VFS: Disk quotas dquot_6.6.0
  2.22] FSDqt-chha tlentes51(oer, 96yt)  3.78364] AppArmor: AppArmor Filesystem Enabled
  3.23] p:nPCPin
  4.89976] pnp: PnP ACPIfod dece

[  4048]losoceac_p mk:xfffmacyes0xff, axdlns2070024 ns
  5.78] T:egted otcofaly
[    6.250122] TCP established hash table entries: 16384 (order: 5, 131072 bytes)
[    6.662601] TCP bind hash table entries: 16384 (order: 6, 262144 bytes)
  7.30] CPHa tle cfire(eabsh 184in 16384)
[    7.742556] UDP hash table entries: 1024 (order: 3, 32768 bytes)
  8.25] P-teastable entries: 1024 rd:  368ytes)
[  8223]ETRestreproc fil1   92377 pci 0000:00:00.0:imindictCI/PCI transfers
[  9726]ci00001. AivinISDMha wrkous  0.342]pci 0000:00:02.0: Video device with shadowed ROM at [mem 0x000c0000-0x000dffff]
[ 118236Unckg itmf..
[ 11401]rengnid mo: 484K
[   12.182842] platform rtc_cmos: registered platform RTC device (no PNP device found)
[   12.511848] Scanning for low memory corruption every 60 seconds
[   12.513345] Initialise system trusted keyrings
[   12.651607] Key type blacklist registered
[   12.767462] workingset: timestamp_bits=36 max_order=19 bucket_order=0
[   12.952218] zbud: loaded
[   12.976885] squashfs: version 4.0 (2009/01/31) Phillip Lougher
[   12.977851] fuse init (API version 7.26)
[   12.981712] Key type asymmetric registered
[   12.982279] Asymmetric key parser 'x509' registered
[   12.982953] Block layer SCSI generic (bsg) driver version 0.4 loaded (major 246)
[   12.984003] io scheduler noop registered
[   12.984570] io scheduler deadline registered
[   12.985189] io scheduler cfq registered (default)
[   12.986097] ACPI: AC Adapter [AC] (on-line)
[   12.986700] input: Power Button as /devices/LNXSYSTM:00/LNXPWRBN:00/input/input0
[   12.987758] ACPI: Power Button [PWRF]
[   12.988361] input: Sleep Button as /devices/LNXSYSTM:00/LNXSLPBN:00/input/input1
[   12.989330] ACPI: Sleep Button [SLPF]
[   12.990141] Serial: 8250/16550 driver, 32 ports, IRQ sharing enabled
[   13.012660] 00:02: ttyS0 at I/O 0x3f8 (irq = 4, base_baud = 115200) is a 16550A
[   13.208807] Linux agpgart interface v0.103
[   13.302272] tsc: Refined TSC clocksource calibration: 3292.727 MHz
[   13.480255] clocksource: tsc: mask: 0xffffffffffffffff max_cycles: 0x2f76763f3da, max_idle_ns: 440795331731 ns
[   13.624816] loop: module loaded
[   13.712560] scsi host0: ata_piix
[   13.991859] scsi host1: ata_piix
[   14.31166]]aata1: PATA max UDMA/33 cmd 0x1f0 ctl 0x3f6 bmdma 0xd000 irq 14
[   14.672035] ata2: PATA max UDMA/33 cmd 0x170 ctl 0x376 bmdma 0xd008 irq 15
[   14.673013] libphy: Fixed MDIO Bus: probed
[   14.673596] tun: Universal TUN/TAP device driver, 1.6
[   14.674299] PPP generic driver version 2.4.2
[   14.674933] ehci_hcd: USB 2.0 'Enhanced' Host Controller (EHCI) Driver
[   14.675771] ehci-pci: EHCI PCI platform driver
[   14.676388] ehci-platform: EHCI generic platform driver
[   14.677067] ohci_hcd: USB 1.1 'Open' Host Controller (OHCI) Driver
[   14.677846] ohci-pci: OHCI PCI platform driver
[   14.678435] ohci-platfomm: OHCI generic platform driver
[   15.001712] uhci_hcd: USB Universal Host Controller Interface driver
[   15.661998] i8042: PNP: PS/2 Controller [PNP0303:PS2K,PNP0f03:PS2M] at 0x60,0x64 irq 1,12
[   15.712928] serio: i8042 KBD port at 0x60,0x64 irq 1
[   15.781730] serio: i8042 AUX port at 0x60,0x64 irq 12
[   16.321935] mousedev: PS/2 mouse device common for all mice
[   16.342407] input: AT Translated Set 2 keyboard as /devices/platform/i8042/serio0/input/input2
[   16.343824] rtc_cmos rtc_cmos: rtc core: registered rtc_cmos as rtc0
[   16.344701] rtc_cmos rtc_cmos: alarms up to one day, 114 bytes nvram
[   16.345502] i2c /dev entries driver
[   16.346038] device-mapper: uevent: version 1.0.3
[   16.346674] device-mapper: ioctl: 4.37.0-ioctl (2017-09-20) initialised: dm-devel@redhat.com
[   16.347839] ledtrig-cpu: registered to indicate activity on CPUs
[   16.431406] NET: Registered protocol family 10
[   16.435964] Segment Routing with IPv6
[   16.611923] NET: Registered protocol family 17
[   16.612744] Key type dns_resolver registered
[   16.613642] RAS: Correctable Errors collector initialized.
[   16.614361] sched_clock: Marking stable (16613531516, 0)->(27201974141, -10588442625)
[   16.615687] registered taskstats version 1
[   16.616273] Loading compiled-in X.509 certificates
[   16.620112] Loaded X.509 cert 'Build time autogenerated kernel key: d77482c25b833df502ed38a87c5d7f330fdff3cb'
[   16.621350] zswap: loaded using pool lzo/zbud
[   16.627279] Key type big_key registered
[   16.627828] Key type trusted registered
[   16.630925] Key type encrypted registered
[   16.631485] AppArmor: AppArmor sha1 policy hashing enabled
[   16.632202] ima: No TPM chip found, activating TPM-bypass! (rc=-19)
[   16.633031] evm: HMAC attrs: 0x1
[   16.633659]   Magic number: 10:901:796
[   16.634166]   hash matches /build/linux-uT8zSN/linux-4.15.0/drivers/base/power/main.c:1527
[   16.635322] rtc_cmos rtc_cmos: setting system clock to 2018-07-10 18:45:56 UTC (1531248356)
[   16.636794] BIOS EDD facility v0.16 2004-Jun-25, 0 devices found
[   16.637738] EDD information not available.
[   16.641944] Freeing unused kernel memory: 2408K
[   16.656234] Write protecting the kernel read-only data: 20480k
[   16.788673] Freeing unused kernel memory: 2008K
[   16.792574] Freeing unused kernel memory: 1904K
[   17.286679] x86/mm: Checked W+X mappings: passed, no W+X pages found.
[   17.812033] x86/mm: Checking user space page tables
[   17.847337] x86/mm: Checked W+X mappings: passed, no W+X pages found.
Loading, please wait...
starting version 237
[   18.253747] Fusion MPT base driver 3.04.20
[   18.312014] Copyright (c) 1999-2008 LSI Corporation
[   18.320803] AVX version of gcm_enc/dec engaged.
[   18.333333] e1000: Intel(R) PRO/1000 Network Driver - version 7.3.21-k8-NAPI
[   18.333333] e1000: Copyright (c) 1999-2006 Intel Corporation.
[   18.395898] AES CTR mode by8 optimization enabled
[   18.404150] Fusion MPT SPI Host driver 3.04.20
[   18.842150] input: ImExPS/2 Generic Explorer Mouse as /devices/platform/i8042/serio1/input/input4
[   19.169190] e1000 0000:00:03.0 eth0: (PCI:33MHz:32-bit) 02:ab:18:f8:ba:2c
[   19.342423] e1000 0000:00:03.0 eth0: Intel(R) PRO/1000 Network Connection
[   19.344378] mptbase: ioc0: Initiating bringup
[   19.345678] e1000 0000:00:03.0 enp0s3: renamed from eth0
[   19.564392] ioc0: LSI53C1030 A0: Capabilities={Initiator}
[   20.260531] scsi host2: ioc0: LSI53C1030 A0, FwRev=00000000h, Ports=1, MaxQ=256, IRQ=20
[   20.660791] scsi 2:0:0:0: Direct-Access     VBOX     HARDDISK         1.0  PQ: 0 ANSI: 5
[   21.320065] scsi target2:0:0: Beginning Domain Validation
[   21.774806] scsi target2:0:0: Domain Validation skipping write tests
[   22.092373] scsi target2:0:0: Ending Domain Validation
[   22.093179] scsi target2:0:0: asynchronous
[   22.094266] scsi 2:0:1:0: Direct-Access     VBOX     HARDDISK         1.0  PQ: 0 ANSI: 5
[   22.132100] scsi target2:0:1: Beginning Domain Validation
[   22.374838] scsi target2:0:1: Domain Validation skipping write tests
[   22.375670] scsi target2:0:1: Ending Domain Validation
[   22.376451] scsi target2:0:1: asynchronous
[   22.381280] sd 2:0:0:0: Attached scsi generic sg0 type 0
[   22.381376] sd 2:0:0:0: [sda] 20971520 512-byte logical blocks: (10.7 GB/10.0 GiB)
[   22.381423] sd 2:0:0:0: [sda] Write Protect is off
[   22.381499] sd 2:0:0:0: [sda] Incomplete mode parameter data
[   22.381500] sd 2:0:0:0: [sda] Assuming drive cache: write through
[   22.394804]  sda: sda1
[   22.395608] sd 2:0:0:0: [sda] Attached SCSI disk
[   24.446540] sd 2:0:1:0: Attached scsi generic sg1 type 0
[   24.447574] sd 2:0:1:0: [sdb] 20480 512-byte logical blocks: (10.5 MB/10.0 MiB)
[   24.449132] sd 2:0:1:0: [sdb] Write Protect is off
[   24.450249] sd 2:0:1:0: [sdb] Incomplete mode parameter data
[   24.451285] sd 2:0:1:0: [sdb] Assuming drive cache: write through
[   24.510669] sd 2:0:1:0: [sdb] Attached SCSI disk
Begin: Loading essential drivers ... [   26.280040] raid6: sse2x1   gen()  9168 MB/s
[   26.448057] raid6: sse2x1   xor()  6944 MB/s
[   26.620049] raid6: sse2x2   gen() 12179 MB/s
[   26.792021] raid6: sse2x2   xor()  8481 MB/s
[   26.964030] raid6: sse2x4   gen() 14327 MB/s
[   27.032037] raid6: sse2x4   xor()  9802 MB/s
[   27.158370] raid6: using algorithm sse2x4 gen() 14327 MB/s
[   27.322421] raid6: .... xor() 9802 MB/s, rmw enabled
[   27.468357] raid6: using ssse3x2 recovery algorithm
[   27.488642] xor: automatically using best checksumming function   avx       
[   27.834112] async_tx: api initialized (async)
done.
Begin: Running /scripts/init-premount ... done.
Begin: Mounti[   27.890576] Btrfs loaded, crc32c=crc32c-intel
ng root file system ... Begin: Running /scripts/local-top ... done.
Begin: Running /scripts/local-premount ... Scanning for Btrfs filesystems
done.
Warning: fsck no[   28.024738] EXT4-fs (sda1): INFO: recovery required on readonly filesystem
t present, so skipping root file system
[   28.133218] EXT4-fs (sda1): write access will be enabled during recovery
[   28.351507] EXT4-fs (sda1): recovery complete
[   28.372917] EXT4-fs (sda1): mounted filesystem with ordered data mode. Opts: (null)
done.
Begin: Running /scripts/local-bottom ... done.
Begin: Running /scripts/init-bottom ... done.
[   29.330850] ip_tables: (C) 2000-2006 Netfilter Core Team
[   29.688311] systemd[1]: systemd 237 running in system mode. (+PAM +AUDIT +SELINUX +IMA +APPARMOR +SMACK +SYSVINIT +UTMP +LIBCRYPTSETUP +GCRYPT +GNUTLS +ACL +XZ +LZ4 +SECCOMP +BLKID +ELFUTILS +KMOD -IDN2 +IDN -PCRE2 default-hierarchy=hybrid)
[   30.694339] systemd[1]: Detected virtualization oracle.
[   30.695037] systemd[1]: Detected architecture x86-64.

Welcome to [1mUbuntu 18.04 LTS[0m!

[   30.733555] systemd[1]: Set hostname to <rails-dev-box>.
[   31.705315] random: crng init done
[   33.236235] systemd[1]: Reached target User and Group Name Lookups.
[[0;32m  OK  [0m] Reached target User and Group Name Lookups.
[   33.817180] systemd[1]: Set up automount Arbitrary Executable File Formats File System Automount Point.
[[0;32m  OK  [0m] Set up automount Arbitrary Executabâ€¦rmats File System Automount Point.
[   33.881753] systemd[1]: Reached target System Time Synchronized.
[[0;32m  OK  [0m] Reached target System Time Synchronized.
[   34.061697] systemd[1]: Created slice System Slice.
[[0;32m  OK  [0m] Created slice System Slice.
[   34.084861] systemd[1]: Listening on Network Service Netlink Socket.
[[0;32m  OK  [0m] Listening on Network Service Netlink Socket.
[   34.121001] systemd[1]: Listening on Journal Socket.
[[0;32m  OK  [0m] Listening on Journal Socket.
         Starting Set the console keyboard layout...
[[0;32m  OK  [0m] Created slice system-serial\x2dgetty.slice.
         Mounting Huge Pages File System...
[[0;32m  OK  [0m] Listening on Journal Audit Socket.
         Starting Create list of required stâ€¦ce nodes for the current kernel...
[[0;32m  OK  [0m] Listening on Journal Socket (/dev/log).
         Starting Load Kernel Modules...
[[0;32m  OK  [0m] Listening on /dev/initctl Compatibility Named Pipe.
         Mounting Kernel Debug File System...
[[0;32m  OK  [0m] Listening on Device-mapper event daemon FIFOs.
         Mounting POSIX Message Queue File System...
[[0;32m  OK  [0m] Created slice User and Session Slice.
[[0;32m  OK  [0m] Listening on LVM2 poll daemon socket.
         Starting Uncomplicated firewall...
[[0;32m  OK  [0m] Listening on udev Control Socket.
[[0;32m  OK  [0m] Started Forward Password Requests to Wall Directory Watch.
[[0;32m  OK  [0m] Listening on Syslog Socket.
         Starting Journal Service...
         Starting Remount Root and Kernel File Systems...
[[0;32m  OK  [0m] Listening on udev Kernel Socket.
         Starting udev Coldplug all Devices...
[[0;32m  OK  [0m] Listening on LVM2 metadata daemon socket.
         Starting Monitoring of LVM2 mirrorsâ€¦ng dmeventd or progress polling...
[[0;32m  OK  [0m] Reached target Slices.
[[0;32m  OK  [0m] Created slice system-postgresql.slice.
[[0;32m  OK  [0m] Started Set the console keyboard layout.
[[0;32m  OK  [0m] Mounted Huge Pages File System.
[[0;32m  OK  [0m] Started Create list of required staâ€¦vice nodes for the current kernel.
[[0;32m  OK  [[   34.607033] Loading iSCSI transport class v2.0-870.
0m] Mounted Kernel Debug File System.
[   34.993370] systemd[1]: Mounted POSIX Message Queue File System.
[[0;32m  OK  [0m] Mounted POSIX Message Queue File System.
[   34.996255] systemd[1]: Started Uncomplicated firewall.
[[0;32m  OK  [0m] Started Uncomplicated firewall.
[   35.000516] systemd[1]: Starting Create Static Device Nodes in /dev...
         Starting Create Static Device Nodes in /dev...
[   35.156446] systemd[1]: Started Journal Service.
[[0;32m  OK  [0m] Started Journal Service.
[[0;32m  OK  [0m] Started udev Coldplug all Devices.
[   35.237535] iscsi: registered transport (tcp)
[   35.728544] EXT4-fs (sda1): re-mounted. Opts: (null)
[[0;32m  OK  [0m] Started Remount Root and Kernel File Systems.
         Starting Initial cloud-init job (pre-networking)...
         Starting Load/Save Random Seed...
         Activating swap /swapfile...
         [   36.345404] Adding 2097148k swap on /swapfile.  Priority:-2 extents:5 across:2301948k FS
Starting Flush Journal to Persistent Storage...
[[0;32m  OK  [0m] Activated swap /swapfile.
[[0;32m  OK  [0m] Started Create Static Device Nodes in /dev.
[[0;32m  OK  [0m] Started Load/Save Random Seed.
[[0;32m  OK  [0m] Started LVM2 metadata daemon.
         Starting udev Kernel Device Manager...
[[0;32m  OK  [0m] Reached target Swap.
[   36.512533] systemd-journald[405]: Received request to flush runtime journal from PID 1
[   36.642730] iscsi: registered transport (iser)
[[0;32m  OK  [0m] Started Load Kernel Modules.
         Mounting FUSE Control File System...
         Starting Apply Kernel Variables...
         Mounting Kernel Configuration File System...
[[0;32m  OK  [0m] Mounted FUSE Control File System.
[[0;32m  OK  [0m] Started udev Kernel Device Manager.
[[0;32m  OK  [0m] Mounted Kernel Configuration File System.
[[0;32m  OK  [0m] Started Dispatch Password Requests to Console Directory Watch.
[[0;32m  OK  [0m] Reached target Local Encrypted Volumes.
[[0;32m  OK  [0m] Started Monitoring of LVM2 mirrors,â€¦sing dmeventd or progress polling.
[[0;32m  OK  [0m] Reached target Local File Systems (Pre).
[[0;32m  OK  [0m] Reached target Local File Systems.
         Starting ebtables ruleset management...
         Starting AppArmor initialization...
         Starting Tell Plymouth To Write Out Runtime Data...
         Starting Set console font and keymap...
[[0;32m  OK  [0m] Started Apply Kernel Variables.
[[0;32m  OK  [0m] Started Tell Plymouth To Write Out Runtime Data.
[[0;32m  OK  [0m] Started Set console font and keymap.
[[0;32m  OK  [0m] Found device /dev/ttyS0.
[[0;32m  OK  [0m] Listening on Load/Save RF Kill Switch Status /dev/rfkill Watch.
[[0;32m  OK  [0m] Started ebtables ruleset management.
[[0;32m  OK  [0m] Started Flush Journal to Persistent Storage.
         Starting Create Volatile Files and Directories...
[[0;32m  OK  [0m] Started Create Volatile Files and Directories.
         Starting Update UTMP about System Boot/Shutdown...
[[0;32m  OK  [0m] Started Update UTMP about System Boot/Shutdown.
[[0;32m  OK  [0m] Started AppArmor initialization.
[   44.582002] cloud-init[414]: Cloud-init v. 18.2 running 'init-local' at Tue, 10 Jul 2018 18:46:24 +0000. Up 44.16 seconds.
[[0;32m  OK  [0m] Started Initial cloud-init job (pre-networking).
[[0;32m  OK  [0m] Reached target Network (Pre).
         Starting Network Service...
[[0;32m  OK  [0m] Started Network Service.
         Starting Wait for Network to be Configured...
         Starting Network Name Resolution...
[[0;32m  OK  [0m] Started Network Name Resolution.
[[0;32m  OK  [0m] Reached target Host and Network Name Lookups.
[[0;32m  OK  [0m] Reached target Network.
[[0;32m  OK  [0m] Started Wait for Network to be Configured.
         Starting Initial cloud-init job (metadata service crawler)...
[   47.793645] cloud-init[709]: Cloud-init v. 18.2 running 'init' at Tue, 10 Jul 2018 18:46:26 +0000. Up 46.69 seconds.
[[0;32m  OK  [0m] Started Initial cloud-init job (metadata service crawler).
[[0;32m  OK  [0m] Reached target System Initialization.
[[0;32m  OK  [0m] Started Daily Cleanup of Temporary Directories.
[   47.887139] cloud-init[709]: ci-info: ++++++++++++++++++++++++++++++++++++++Net device info++++++++++++++++++++++++++++++++++++++
[   47.900739] cloud-init[709]: ci-info: +--------+------+----------------------------+---------------+--------+-------------------+
[   47.902001] cloud-init[709]: ci-info: | Device |  Up  |          Address           |      Mask     | Scope  |     Hw-Address    |
         [   47.956260] Starting Socket activation for snappy daemon.cloud-init
[709]: ci-info: +--------+------+----------------------------+---------------+--------+-------------------+
[[   47.960469] cloud-init[709]: ci-info: | enp0s3 | True |         10.0.2.15          | 255.255.255.0 | global | 02:ab:18:f8:ba:2c |
[   47.960687] cloud-init[709]: ci-info: | enp0s3 | True | fe80::ab:18ff:fef8:ba2c/64 |       .       |  link  | 02:ab:18:f8:ba:2c |
[   47.960995] cloud-init[709]: ci-info: |   lo   | True |         127.0.0.1          |   255.0.0.0   |  host  |         .         |
[0;32m  OK  [0m] Listening on D-Bus System Message Bus Socket.
[   47.961245] cloud-init[709]: ci-info: |   lo   | True |          ::1/128           |       .       |  host  |         .         |
[   48.045653] cloud-init[709]: ci-info: +--------+------+----------------------------+---------------+--------+-------------------+
[[   48.072406] cloud-init[709]: ci-info: ++++++++++++++++++++++++++++Route IPv4 info+++++++++++++++++++++++++++++
[   48.072657] cloud-init[709]: ci-info: +-------+-------------+----------+-----------------+-----------+-------+
[   48.073028] cloud-init[709]: ci-info: | Route | Destination | Gateway  |     Genmask     | Interface | Flags |
[   48.073363] cloud-init[709]: ci-info: +-------+-------------+----------+-----------------+-----------+-------+
[   48.073710] cloud-init[709]: ci-info: |   0   |   0.0.0.0   | 10.0.2.2 |     0.0.0.0     |   enp0s3  |   UG  |
[   48.074055] cloud-init[709]: ci-info: |   1   |   10.0.2.0  | 0.0.0.0  |  255.255.255.0  |   enp0s3  |   U   |
[   48.074392] cloud-init[709]: ci-info: |   2   |   10.0.2.2  | 0.0.0.0  | 255.255.255.255 |   enp0s3  |   UH  |
[   48.074746] cloud-init[709]: ci-info: +-------+-------------+----------+-----------------+-----------+-------+
[   48.075083] cloud-init[709]: ci-info: +++++++++++++++++++Route IPv6 info+++++++++++++++++++
[   48.075437] cloud-init[709]: ci-info: +-------+-------------+---------+-----------+-------+
[   48.075782] cloud-init[709]: ci-info: | Route | Destination | Gateway | Interface | Flags |
[   48.076340] cloud-init[709]: ci-info: +-------+-------------+---------+-----------+-------+
[   48.076676] cloud-init[709]: ci-info: |   1   |  fe80::/64  |    ::   |   enp0s3  |   U   |
[   48.077037] cloud-init[709]: ci-info: |   3   |    local    |    ::   |   enp0s3  |   U   |
[   48.077455] cloud-init[709]: ci-info: |   4   |   ff00::/8  |    ::   |   enp0s3  |   U   |
[   48.077724] cloud-init[709]: ci-info: +-------+-------------+---------+-----------+-------+
[0;32m  OK  [0m] Started Discard unused blocks once a week.
         Starting LXD - unix socket.
[[0;32m  OK  [0m] Started ACPI Events Check.
[[0;32m  OK  [0m] Reached target Paths.
[[0;32m  OK  [0m] Started Daily apt download activities.
[[0;32m  OK  [0m] Started Daily apt upgrade and clean activities.
[[0;32m  OK  [0m] Started Message of the Day.
[[0;32m  OK  [0m] Listening on ACPID Listen Socket.
[[0;32m  OK  [0m] Reached target Timers.
[[0;32m  OK  [0m] Listening on UUID daemon activation socket.
[[0;32m  OK  [0m] Reached target Cloud-config availability.
[[0;32m  OK  [0m] Reached target Network is Online.
         Starting iSCSI initiator daemon (iscsid)...
[[0;32m  OK  [0m] Listening on Socket activation for snappy daemon.
[[0;32m  OK  [0m] Listening on LXD - unix socket.
[[0;32m  OK  [0m] Reached target Sockets.
[[0;32m  OK  [0m] Reached target Basic System.
         Starting Resets System Activity Data Collector...
[[0;32m  OK  [0m] Started D-Bus System Message Bus.
         Starting Advanced key-value store...
         Starting System Logging Service...
         Starting LSB: Record successful boot for GRUB...
         Starting Accounts Service...
[[0;32m  OK  [0m] Started Unattended Upgrades Shutdown.
         Starting PostgreSQL Cluster 10-main...
         Starting LXD - container startup/shutdown...
[[0;32m  OK  [0m] Started FUSE filesystem for LXC.
[[0;32m  OK  [0m] Started Regular background program processing daemon.
[[0;32m  OK  [0m] Started memcached daemon.
         Starting MySQL Community Server...
         Starting Apply the settings specified in cloud-config...
[[0;32m  OK  [0m] Started irqbalance daemon.
         Starting RabbitMQ Messaging Server...
         Starting Dispatcher daemon for systemd-networkd...
[   50.307646] cloud-init[956]: Cloud-init v. 18.2 running 'modules:config' at Tue, 10 Jul 2018 18:46:29 +0000. Up 49.48 seconds.
         Starting OpenBSD Secure Shell server...
         Starting Virtualbox guest utils...
         Starting Login Service...
[[0;32m  OK  [0m] Started Deferred execution scheduler.
         Starting Snappy daemon...
[[0;32m  OK  [0m] Started System Logging Service.
[[0;32m  OK  [0m] Started iSCSI initiator daemon (iscsid).
[[0;32m  OK  [0m] Started Resets System Activity Data Collector.
[[0;32m  OK  [0m] Started Advanced key-value store.
[[0;32m  OK  [0m] Started Apply the settings specified in cloud-config.
[[0;32m  OK  [0m] Started Login Service.
         Starting Authorization Manager...
[[0;32m  OK  [0m] Reached target Remote File Systems (Pre).
[[0;32m  OK  [0m] Reached target Remote File Systems.
         Starting LSB: automatic crash report generation...
         Starting Permit User Sessions...
         Starting Availability of block devices...
[[0;32m  OK  [0m] Started Permit User Sessions.
[[0;32m  OK  [0m] Started Availability of block devices.
         Starting Hold until boot process finishes up...
         Starting Terminate Plymouth Boot Screen...
[[0;32m  OK  [0m] Started Hold until boot process finishes up.
[[0;32m  OK  [0m] Started Terminate Plymouth Boot Screen.
         Starting Set console scheme...
[[0;32m  OK  [0m] Started Serial Getty on ttyS0.
[[0;32m  OK  [0m] Started Set console scheme.
[[0;32m  OK  [0m] Created slice system-getty.slice.
[[0;32m  OK  [0m] Started Getty on tty1.
[[0;32m  OK  [0m] Reached target Login Prompts.
[[0;32m  OK  [0m] Started LSB: automatic crash report generation.
[[0;32m  OK  [0m] Started LSB: Record successful boot for GRUB.
[[0;32m  OK  [0m] Started Dispatcher daemon for systemd-networkd.
[[0;32m  OK  [0m] Started Virtualbox guest utils.
[[0;32m  OK  [0m] Started Authorization Manager.
[[0;32m  OK  [0m] Started Accounts Service.
[[0;32m  OK  [0m] Started OpenBSD Secure Shell server.
[[0;32m  OK  [0m] Started Snappy daemon.
[[0;32m  OK  [0m] Started LXD - container startup/shutdown.
[[0;32m  OK  [0m] Created slice User Slice of vagrant.
         Starting User Manager for UID 1000...
[[0;32m  OK  [0m] Started Session 1 of user vagrant.

Ubuntu 18.04 LTS rails-dev-box ttyS0

rails-dev-box login: [   70.346118] cloud-init[2362]: Cloud-init v. 18.2 running 'modules:final' at Tue, 10 Jul 2018 18:46:49 +0000. Up 69.94 seconds.
[   70.346366] cloud-init[2362]: Cloud-init v. 18.2 finished at Tue, 10 Jul 2018 18:46:50 +0000. Datasource DataSourceNoCloud [seed=/dev/sdb][dsmode=net].  Up 70.33 seconds
